// Jest Snapshot v1, https://goo.gl/fbAQLP

exports[`Header Component renders correctly 1`] = `
<div
  className="header"
  onClick={[Function]}
>
  <div
    className="header-text"
    data-testid="header"
  >
    SPACE-X
  </div>
</div>
`;
