// Jest Snapshot v1, https://goo.gl/fbAQLP

exports[`Rocket Dialog Component renders correctly 1`] = `null`;
